Tile_W4.png 1
Tile_W4.png 1
Tile_W4.png 1
Tile_W4.png 1
Tile_W4.png 1
Tile_W4.png 1
Tile_W4.png 1
Tile_W4.png 1
Tile_W4.png 1
Tile_W4.png 1
Tile_W4.png 1
Tile_W4.png 1
Tile_W4.png 1
Tile_W4.png 1
Tile_W4.png 1
Tile_W4.png 1
Tile_W4.png 1
Tile_W4.png 1
Tile_W4.png 1
Tile_W4.png 1
Tile_W4.png 1
Tile_W4.png 1
Tile_W4.png 1
Tile_W4.png 1
Tile_W4.png 1
Tile_W4.png 1
Tile_W4.png 1
Tile_W4.png 1
Tile_W4.png 1
Tile_W4.png 1
Tile_W4.png 1
Tile_W15.png 1
Tile_W21.png 5
Tile_W21.png 5
Tile_W21.png 5
Tile_W21.png 5
Tile_W21.png 5
Tile_W21.png 5
Tile_W21.png 5
Tile_W21.png 5
Tile_W21.png 5
Tile_W21.png 5
Tile_W21.png 5
Tile_W21.png 5
Tile_W21.png 5
Tile_W21.png 5
Tile_W21.png 5
Tile_W21.png 5
Tile_W21.png 5
Tile_W21.png 5
Tile_W21.png 5
Tile_W21.png 5
Tile_W21.png 5
Tile_W21.png 5
Tile_W21.png 5
Tile_W21.png 5
Tile_W21.png 5
Tile_W21.png 5
Tile_W17.png 1
Tile_W4.png 1
Tile_W4.png 1
Tile_W12.png 3
Tile_BG6.png 7
Tile_BG7.png 7
Tile_BG7.png 7
Tile_BG7.png 7
Tile_BG7.png 7
Tile_BG7.png 7
Tile_BG7.png 7
Tile_BG7.png 7
Tile_BG7.png 7
Tile_BG7.png 7
Tile_BG7.png 7
Tile_BG7.png 7
Tile_BG7.png 7
Tile_BG7.png 7
Tile_BG7.png 7
Tile_BG7.png 7
Tile_BG7.png 7
Tile_BG7.png 7
Tile_BG7.png 7
Tile_BG7.png 7
Tile_BG7.png 7
Tile_BG7.png 7
Tile_BG7.png 7
Tile_BG7.png 7
Tile_BG7.png 7
Tile_BG8.png 7
Tile_W14.png 4
Tile_W4.png 1
Tile_W4.png 1
Tile_W12.png 3
Tile_BG3.png 7
Tile_BG4.png 7
Tile_BG4.png 7
Tile_BG4.png 7
Tile_BG4.png 7
Tile_BG4.png 7
Tile_BG4.png 7
Tile_BG4.png 7
Tile_BG4.png 7
Tile_BG4.png 7
Tile_BG4.png 7
Tile_BG4.png 7
Tile_BG4.png 7
Tile_BG4.png 7
Tile_BG4.png 7
Tile_BG4.png 7
Tile_BG4.png 7
Tile_BG4.png 7
Tile_BG4.png 7
Tile_BG4.png 7
Tile_BG4.png 7
Tile_BG4.png 7
Tile_BG4.png 7
Tile_BG4.png 7
Tile_BG4.png 7
Tile_BG5.png 7
Tile_W14.png 4
Tile_W4.png 1
Tile_W4.png 1
Tile_W12.png 3
Tile_BG3.png 7
Tile_BG4.png 7
Tile_BG4.png 7
Tile_BG4.png 7
Tile_BG4.png 7
Tile_BG4.png 7
Tile_BG4.png 7
Tile_BG4.png 7
Tile_BG4.png 7
Tile_BG4.png 7
Tile_BG4.png 7
Tile_BG4.png 7
Tile_BG4.png 7
Tile_BG4.png 7
Tile_BG4.png 7
Tile_BG4.png 7
Tile_BG4.png 7
Tile_BG4.png 7
Tile_BG4.png 7
Tile_BG4.png 7
Tile_BG4.png 7
Tile_BG4.png 7
Tile_BG4.png 7
Tile_BG4.png 7
Tile_BG4.png 7
Tile_BG5.png 7
Tile_W14.png 4
Tile_W4.png 1
Tile_W4.png 1
Tile_W12.png 3
Tile_BG3.png 7
Tile_BG4.png 7
Tile_BG4.png 7
Tile_BG4.png 7
Tile_BG4.png 7
Tile_BG4.png 7
Tile_BG4.png 7
Tile_BG4.png 7
Tile_BG4.png 7
Tile_BG4.png 7
Tile_BG4.png 7
Tile_BG4.png 7
Tile_BG4.png 7
Tile_BG4.png 7
Tile_BG4.png 7
Tile_BG4.png 7
Tile_BG4.png 7
Tile_BG4.png 7
Tile_BG4.png 7
Tile_BG4.png 7
Tile_BG4.png 7
Tile_BG4.png 7
Tile_BG4.png 7
Tile_BG4.png 7
Tile_BG4.png 7
Tile_BG5.png 7
Tile_W14.png 4
Tile_W4.png 1
Tile_W4.png 1
Tile_W12.png 3
Tile_BG3.png 7
Tile_BG4.png 7
Tile_BG4.png 7
Tile_BG4.png 7
Tile_BG4.png 7
Tile_BG4.png 7
Tile_BG4.png 7
Tile_BG4.png 7
Tile_BG4.png 7
Tile_BG4.png 7
Tile_BG4.png 7
Tile_BG4.png 7
Tile_BG4.png 7
Tile_BG4.png 7
Tile_BG4.png 7
Tile_BG4.png 7
Tile_BG4.png 7
Tile_BG4.png 7
Tile_BG4.png 7
Tile_BG4.png 7
Tile_BG4.png 7
Tile_BG4.png 7
Tile_BG4.png 7
Tile_BG4.png 7
Tile_BG4.png 7
Tile_BG5.png 7
Tile_W14.png 4
Tile_W4.png 1
Tile_W4.png 1
Tile_W12.png 3
Tile_BG3.png 7
Tile_BG4.png 7
Tile_BG4.png 7
Tile_BG4.png 7
Tile_BG4.png 7
Tile_BG4.png 7
Tile_BG4.png 7
Tile_BG4.png 7
Tile_BG4.png 7
Tile_BG4.png 7
Tile_BG4.png 7
Tile_BG4.png 7
Tile_BG6.png 7
Tile_BG8.png 7
Tile_BG4.png 7
Tile_BG4.png 7
Tile_BG4.png 7
Tile_BG4.png 7
Tile_BG4.png 7
Tile_BG4.png 7
Tile_BG4.png 7
Tile_BG4.png 7
Tile_BG4.png 7
Tile_BG4.png 7
Tile_BG4.png 7
Tile_BG5.png 7
Tile_W14.png 4
Tile_W4.png 1
Tile_W4.png 1
Tile_W12.png 3
Tile_BG3.png 7
Tile_BG4.png 7
Tile_BG4.png 7
Tile_BG4.png 7
Tile_BG4.png 7
Tile_BG4.png 7
Tile_BG4.png 7
Tile_BG4.png 7
Tile_BG4.png 7
Tile_BG4.png 7
Tile_BG4.png 7
Tile_BG4.png 7
Tile_BG3.png 7
Tile_BG5.png 7
Tile_BG4.png 7
Tile_BG4.png 7
Tile_BG4.png 7
Tile_BG4.png 7
Tile_BG4.png 7
Tile_BG4.png 7
Tile_BG4.png 7
Tile_BG4.png 7
Tile_BG4.png 7
Tile_BG4.png 7
Tile_BG4.png 7
Tile_BG5.png 7
Tile_W14.png 4
Tile_W4.png 1
Tile_W4.png 1
Tile_W12.png 3
Tile_BG3.png 7
Tile_BG4.png 7
Tile_BG4.png 7
Tile_BG4.png 7
Tile_BG4.png 7
Tile_BG4.png 7
Tile_BG4.png 7
Tile_BG4.png 7
Tile_BG4.png 7
Tile_BG4.png 7
Tile_BG4.png 7
Tile_BG4.png 7
Tile_BG3.png 7
Tile_BG5.png 7
Tile_BG4.png 7
Tile_BG4.png 7
Tile_BG4.png 7
Tile_BG4.png 7
Tile_BG4.png 7
Tile_BG4.png 7
Tile_BG4.png 7
Tile_BG4.png 7
Tile_BG4.png 7
Tile_BG4.png 7
Tile_BG4.png 7
Tile_BG5.png 7
Tile_W14.png 4
Tile_W4.png 1
Tile_W4.png 1
Tile_W12.png 3
Tile_BG3.png 7
Tile_BG4.png 7
Tile_BG4.png 7
Tile_BG4.png 7
Tile_BG4.png 7
Tile_BG4.png 7
Tile_BG4.png 7
Tile_BG4.png 7
Tile_BG4.png 7
Tile_BG4.png 7
Tile_BG4.png 7
Tile_BG4.png 7
Tile_BG3.png 7
Tile_BG5.png 7
Tile_BG4.png 7
Tile_BG4.png 7
Tile_BG4.png 7
Tile_BG4.png 7
Tile_BG4.png 7
Tile_BG4.png 7
Tile_BG4.png 7
Tile_BG4.png 7
Tile_BG4.png 7
Tile_BG4.png 7
Tile_BG4.png 7
Tile_BG5.png 7
Tile_W14.png 4
Tile_W4.png 1
Tile_W4.png 1
Tile_W12.png 3
Tile_BG3.png 7
Tile_BG4.png 7
Tile_BG4.png 7
Tile_BG4.png 7
Tile_BG4.png 7
Tile_BG4.png 7
Tile_BG4.png 7
Tile_BG4.png 7
Tile_BG4.png 7
Tile_BG4.png 7
Tile_BG4.png 7
Tile_BG4.png 7
Tile_BG3.png 7
Tile_BG5.png 7
Tile_BG4.png 7
Tile_BG4.png 7
Tile_BG4.png 7
Tile_BG4.png 7
Tile_BG4.png 7
Tile_BG4.png 7
Tile_BG4.png 7
Tile_BG4.png 7
Tile_BG4.png 7
Tile_BG4.png 7
Tile_BG4.png 7
Tile_BG5.png 7
Tile_W3.png 1
Tile_W4.png 1
Tile_W4.png 1
Tile_W12.png 3
Tile_BG3.png 7
Tile_BG4.png 7
Tile_BG4.png 7
Tile_BG4.png 7
Tile_BG4.png 7
Tile_BG4.png 7
Tile_BG4.png 7
Tile_BG6.png 7
Tile_BG7.png 7
Tile_BG7.png 7
Tile_BG7.png 7
Tile_BG7.png 7
Tile_BG4.png 7
Tile_BG4.png 7
Tile_BG7.png 7
Tile_BG7.png 7
Tile_BG7.png 7
Tile_BG7.png 7
Tile_BG8.png 7
Tile_BG4.png 7
Tile_BG4.png 7
Tile_BG4.png 7
Tile_BG4.png 7
Tile_BG4.png 7
Tile_BG4.png 7
Tile_BG5.png 7
Tile_W14.png 4
Tile_W4.png 1
Tile_W4.png 1
Tile_W12.png 3
Tile_BG3.png 7
Tile_BG4.png 7
Tile_BG4.png 7
Tile_BG4.png 7
Tile_BG4.png 7
Tile_BG4.png 7
Tile_BG4.png 7
Tile_BG0.png 7
Tile_BG1.png 7
Tile_BG1.png 7
Tile_BG1.png 7
Tile_BG1.png 7
Tile_BG4.png 7
Tile_BG4.png 7
Tile_BG1.png 7
Tile_BG1.png 7
Tile_BG1.png 7
Tile_BG1.png 7
Tile_BG2.png 7
Tile_BG4.png 7
Tile_BG4.png 7
Tile_BG4.png 7
Tile_BG4.png 7
Tile_BG4.png 7
Tile_BG4.png 7
Tile_BG5.png 7
Tile_W14.png 4
Tile_W4.png 1
Tile_W4.png 1
Tile_W12.png 3
Tile_BG3.png 7
Tile_BG4.png 7
Tile_BG4.png 7
Tile_BG4.png 7
Tile_BG4.png 7
Tile_BG4.png 7
Tile_BG4.png 7
Tile_BG4.png 7
Tile_BG4.png 7
Tile_BG4.png 7
Tile_BG4.png 7
Tile_BG4.png 7
Tile_BG3.png 7
Tile_BG5.png 7
Tile_BG4.png 7
Tile_BG4.png 7
Tile_BG4.png 7
Tile_BG4.png 7
Tile_BG4.png 7
Tile_BG4.png 7
Tile_BG4.png 7
Tile_BG4.png 7
Tile_BG4.png 7
Tile_BG4.png 7
Tile_BG4.png 7
Tile_BG5.png 7
Tile_W14.png 4
Tile_W4.png 1
Tile_W4.png 1
Tile_W12.png 3
Tile_BG3.png 7
Tile_BG4.png 7
Tile_BG4.png 7
Tile_BG4.png 7
Tile_BG4.png 7
Tile_BG4.png 7
Tile_BG4.png 7
Tile_BG4.png 7
Tile_BG4.png 7
Tile_BG4.png 7
Tile_BG4.png 7
Tile_BG4.png 7
Tile_BG3.png 7
Tile_BG5.png 7
Tile_BG4.png 7
Tile_BG4.png 7
Tile_BG4.png 7
Tile_BG4.png 7
Tile_BG4.png 7
Tile_BG4.png 7
Tile_BG4.png 7
Tile_BG4.png 7
Tile_BG4.png 7
Tile_BG4.png 7
Tile_BG4.png 7
Tile_BG5.png 7
Tile_W14.png 4
Tile_W4.png 1
Tile_W4.png 1
Tile_W12.png 3
Tile_BG3.png 7
Tile_BG4.png 7
Tile_BG4.png 7
Tile_BG4.png 7
Tile_BG4.png 7
Tile_BG4.png 7
Tile_BG4.png 7
Tile_BG4.png 7
Tile_BG4.png 7
Tile_BG4.png 7
Tile_BG4.png 7
Tile_BG4.png 7
Tile_BG3.png 7
Tile_BG5.png 7
Tile_BG4.png 7
Tile_BG4.png 7
Tile_BG4.png 7
Tile_BG4.png 7
Tile_BG4.png 7
Tile_BG4.png 7
Tile_BG4.png 7
Tile_BG4.png 7
Tile_BG4.png 7
Tile_BG4.png 7
Tile_BG4.png 7
Tile_BG5.png 7
Tile_W14.png 4
Tile_W4.png 1
Tile_W4.png 1
Tile_W12.png 3
Tile_BG3.png 7
Tile_BG4.png 7
Tile_BG4.png 7
Tile_BG4.png 7
Tile_BG4.png 7
Tile_BG4.png 7
Tile_BG4.png 7
Tile_BG4.png 7
Tile_BG4.png 7
Tile_BG4.png 7
Tile_BG4.png 7
Tile_BG4.png 7
Tile_BG3.png 7
Tile_BG5.png 7
Tile_BG4.png 7
Tile_BG4.png 7
Tile_BG4.png 7
Tile_BG4.png 7
Tile_BG4.png 7
Tile_BG4.png 7
Tile_BG4.png 7
Tile_BG4.png 7
Tile_BG4.png 7
Tile_BG4.png 7
Tile_BG4.png 7
Tile_BG5.png 7
Tile_W14.png 4
Tile_W4.png 1
Tile_W4.png 1
Tile_W12.png 3
Tile_BG3.png 7
Tile_BG4.png 7
Tile_BG4.png 7
Tile_BG4.png 7
Tile_BG4.png 7
Tile_BG4.png 7
Tile_BG4.png 7
Tile_BG4.png 7
Tile_BG4.png 7
Tile_BG4.png 7
Tile_BG4.png 7
Tile_BG4.png 7
Tile_BG0.png 7
Tile_BG2.png 7
Tile_BG4.png 7
Tile_BG4.png 7
Tile_BG4.png 7
Tile_BG4.png 7
Tile_BG4.png 7
Tile_BG4.png 7
Tile_BG4.png 7
Tile_BG4.png 7
Tile_BG4.png 7
Tile_BG4.png 7
Tile_BG4.png 7
Tile_BG5.png 7
Tile_W14.png 4
Tile_W4.png 1
Tile_W4.png 1
Tile_W12.png 3
Tile_BG0.png 7
Tile_BG1.png 7
Tile_BG1.png 7
Tile_BG1.png 7
Tile_BG1.png 7
Tile_BG1.png 7
Tile_BG1.png 7
Tile_BG1.png 7
Tile_BG1.png 7
Tile_BG1.png 7
Tile_BG1.png 7
Tile_BG1.png 7
Tile_BG1.png 7
Tile_BG1.png 7
Tile_BG1.png 7
Tile_BG1.png 7
Tile_BG1.png 7
Tile_BG1.png 7
Tile_BG1.png 7
Tile_BG1.png 7
Tile_BG1.png 7
Tile_BG1.png 7
Tile_BG1.png 7
Tile_BG1.png 7
Tile_BG1.png 7
Tile_BG2.png 7
Tile_W14.png 4
Tile_W4.png 1
Tile_W4.png 1
Tile_W9.png 1
Tile_W10.png 2
Tile_W10.png 2
Tile_W10.png 2
Tile_W10.png 2
Tile_W10.png 2
Tile_W10.png 2
Tile_W10.png 2
Tile_W10.png 2
Tile_W10.png 2
Tile_W10.png 2
Tile_W10.png 2
Tile_W10.png 2
Tile_W10.png 2
Tile_W10.png 2
Tile_W10.png 2
Tile_W10.png 2
Tile_W10.png 2
Tile_W10.png 2
Tile_W10.png 2
Tile_W10.png 2
Tile_W10.png 2
Tile_W10.png 2
Tile_W10.png 2
Tile_W10.png 2
Tile_W10.png 2
Tile_W10.png 2
Tile_W11.png 1
Tile_W4.png 1
Tile_W4.png 1
Tile_W4.png 1
Tile_W4.png 1
Tile_W4.png 1
Tile_W4.png 1
Tile_W4.png 1
Tile_W4.png 1
Tile_W4.png 1
Tile_W4.png 1
Tile_W4.png 1
Tile_W4.png 1
Tile_W4.png 1
Tile_W4.png 1
Tile_W4.png 1
Tile_W4.png 1
Tile_W4.png 1
Tile_W4.png 1
Tile_W4.png 1
Tile_W4.png 1
Tile_W4.png 1
Tile_W4.png 1
Tile_W4.png 1
Tile_W4.png 1
Tile_W4.png 1
Tile_W4.png 1
Tile_W4.png 1
Tile_W4.png 1
Tile_W4.png 1
Tile_W4.png 1
Tile_W4.png 1
